// Jest Snapshot v1, https://goo.gl/fbAQLP

exports[`renders correctly 1`] = `
<Component
  style={
    Object {
      "alignItems": "center",
      "alignSelf": "center",
    }
  }
>
  <Component
    style={
      Object {
        "color": "#999",
        "fontWeight": "bold",
      }
    }
  >
    Hello
     
    World!
  </Component>
  <Component
    style={
      Object {
        "alignItems": "stretch",
        "alignSelf": "center",
        "borderWidth": 5,
        "flexDirection": "row",
        "minHeight": 70,
      }
    }
  >
    <Component
      style={
        Object {
          "flex": 1,
          "paddingVertical": 0,
        }
      }
    >
      <Button
        accessibilityLabel="decrement"
        color="red"
        onPress={[Function]}
        title="-"
      />
    </Component>
    <Component
      style={
        Object {
          "flex": 1,
          "paddingVertical": 0,
        }
      }
    >
      <Button
        accessibilityLabel="increment"
        color="blue"
        onPress={[Function]}
        title="+"
      />
    </Component>
  </Component>
</Component>
`;
